// Jest Snapshot v1, https://goo.gl/fbAQLP

exports[`ModalTemplate Contents of props.layoutSetting are reflected in the style 1`] = `
.c0 {
  height: -webkit-fit-content;
  height: -moz-fit-content;
  height: fit-content;
  position: absolute;
  left: 0;
  right: 0;
  margin: auto;
  width: 200px;
  top: 70px;
  border: none;
  padding: 0;
  background: transparent;
  color: #000;
}

.c0::backdrop {
  background-color: #000;
  opacity: 0.3;
}

.c0 + .backdrop {
  background-color: #000;
  opacity: 0.3;
  position: absolute;
  top: 0;
  width: 100%;
  height: 100%;
}

.c0:not([open]) {
  display: none;
}

.c1 {
  background-color: #fff;
  border-bottom: 2px solid rgb(58,171,210);
  height: 45px;
  padding-top: 20px;
  border-top-left-radius: 30px;
  border-top-right-radius: 30px;
  font-size: 23px;
  text-align: center;
}

.c2 {
  background-color: #fff;
  padding: 30px 55px;
  border-bottom-left-radius: 30px;
  border-bottom-right-radius: 30px;
}

<dialog
  class="c0"
  data-testid="modal"
  width="200"
>
  <div
    class=""
    data-testid="modal-body"
  >
    <header
      class="c1"
      data-testid="header"
    >
      headerText
    </header>
    <main
      class="c2"
      data-testid="main"
    >
      abc
    </main>
  </div>
</dialog>
`;
